// Jest Snapshot v1, https://goo.gl/fbAQLP

exports[`handles spaces 1`] = `"[{\\"source\\":\\"<input css 3>\\",\\"deprecations\\":[],\\"invalidOptionWarnings\\":[],\\"parseErrors\\":[],\\"errored\\":true,\\"warnings\\":[{\\"line\\":1,\\"column\\":3,\\"rule\\":\\"oursky/flex\\",\\"severity\\":\\"error\\",\\"text\\":\\"Expected 3-values form of flex: <flex-grow> <flex-shrink> <flex-basis>; (oursky/flex)\\"}]}]"`;

exports[`passes well-formed flex 1`] = `"[{\\"source\\":\\"<input css 6>\\",\\"deprecations\\":[],\\"invalidOptionWarnings\\":[],\\"parseErrors\\":[],\\"warnings\\":[]}]"`;

exports[`warns 1-value forms 1`] = `"[{\\"source\\":\\"<input css 1>\\",\\"deprecations\\":[],\\"invalidOptionWarnings\\":[],\\"parseErrors\\":[],\\"errored\\":true,\\"warnings\\":[{\\"line\\":1,\\"column\\":3,\\"rule\\":\\"oursky/flex\\",\\"severity\\":\\"error\\",\\"text\\":\\"Expected 3-values form of flex: <flex-grow> <flex-shrink> <flex-basis>; (oursky/flex)\\"}]}]"`;

exports[`warns 2-value forms 1`] = `"[{\\"source\\":\\"<input css 2>\\",\\"deprecations\\":[],\\"invalidOptionWarnings\\":[],\\"parseErrors\\":[],\\"errored\\":true,\\"warnings\\":[{\\"line\\":1,\\"column\\":3,\\"rule\\":\\"oursky/flex\\",\\"severity\\":\\"error\\",\\"text\\":\\"Expected 3-values form of flex: <flex-grow> <flex-shrink> <flex-basis>; (oursky/flex)\\"}]}]"`;

exports[`warns unitless flex-basis 1`] = `"[{\\"source\\":\\"<input css 4>\\",\\"deprecations\\":[],\\"invalidOptionWarnings\\":[],\\"parseErrors\\":[],\\"errored\\":true,\\"warnings\\":[{\\"line\\":1,\\"column\\":3,\\"rule\\":\\"oursky/flex\\",\\"severity\\":\\"error\\",\\"text\\":\\"flex-basis: 0 not allowed. Please include unit. (oursky/flex)\\"}]}]"`;

exports[`warns unitless flex-basis of any number 1`] = `"[{\\"source\\":\\"<input css 5>\\",\\"deprecations\\":[],\\"invalidOptionWarnings\\":[],\\"parseErrors\\":[],\\"errored\\":true,\\"warnings\\":[{\\"line\\":1,\\"column\\":3,\\"rule\\":\\"oursky/flex\\",\\"severity\\":\\"error\\",\\"text\\":\\"flex-basis: 1 not allowed. Please include unit. (oursky/flex)\\"}]}]"`;
